#
# There is insufficient memory for the Java Runtime Environment to continue.
# Native memory allocation (malloc) failed to allocate 45456 bytes for Chunk::new
# Possible reasons:
#   The system is out of physical RAM or swap space
#   The process is running with CompressedOops enabled, and the Java Heap may be blocking the growth of the native heap
# Possible solutions:
#   Reduce memory load on the system
#   Increase physical memory or swap space
#   Check if swap backing store is full
#   Decrease Java heap size (-Xmx/-Xms)
#   Decrease number of Java threads
#   Decrease Java thread stack sizes (-Xss)
#   Set larger code cache with -XX:ReservedCodeCacheSize=
#   JVM is running with Unscaled Compressed Oops mode in which the Java heap is
#     placed in the first 4GB address space. The Java Heap base address is the
#     maximum limit for the native heap growth. Please use -XX:HeapBaseMinAddress
#     to set the Java Heap base and to place the Java Heap above 4GB virtual address.
# This output file may be truncated or incomplete.
#
#  Out of Memory Error (arena.cpp:168), pid=19248, tid=21856
#
# JRE version: Java(TM) SE Runtime Environment (21.0.1+12) (build 21.0.1+12-LTS-29)
# Java VM: Java HotSpot(TM) 64-Bit Server VM (21.0.1+12-LTS-29, mixed mode, tiered, compressed oops, compressed class ptrs, g1 gc, windows-amd64)
# No core dump will be written. Minidumps are not enabled by default on client versions of Windows
#

---------------  S U M M A R Y ------------

Command Line: -Dclassworlds.conf=C:\Program Files\NetBeans-19\netbeans\java\maven\bin\m2.conf -Dmaven.home=C:\Program Files\NetBeans-19\netbeans\java\maven -Dlibrary.jansi.path=C:\Program Files\NetBeans-19\netbeans\java\maven\lib\jansi-native -Dmaven.multiModuleProjectDirectory=D:\POSCASHIERMASTER\tt_pos_window org.codehaus.plexus.classworlds.launcher.Launcher -Dexec.vmArgs= -Dexec.args=${exec.vmArgs} -classpath %classpath ${exec.mainClass} ${exec.appArgs} -Dexec.appArgs= -Dexec.mainClass=com.mycompany.kingmart.KingMart -Dexec.executable=C:\Program Files\Java\jdk-21\bin\java.exe -Dmaven.ext.class.path=C:\Program Files\NetBeans-19\netbeans\java\maven-nblib\netbeans-eventspy.jar --no-transfer-progress process-classes org.codehaus.mojo:exec-maven-plugin:3.1.0:exec

Host: Intel(R) Core(TM) i7-4790 CPU @ 3.60GHz, 4 cores, 7G,  Windows 10 , 64 bit Build 19041 (10.0.19041.3636)
Time: Fri May 17 14:49:43 2024 SE Asia Standard Time elapsed time: 0.268322 seconds (0d 0h 0m 0s)

---------------  T H R E A D  ---------------

Current thread (0x000001de1c3e4ba0):  JavaThread "C2 CompilerThread0" daemon [_thread_in_native, id=21856, stack(0x000000358fa00000,0x000000358fb00000) (1024K)]


Current CompileTask:
C2:    268  364       4       java.lang.String::startsWith (123 bytes)

Stack: [0x000000358fa00000,0x000000358fb00000]
Native frames: (J=compiled Java code, j=interpreted, Vv=VM code, C=native code)
V  [jvm.dll+0x6c9029]
V  [jvm.dll+0x854b81]
V  [jvm.dll+0x856e5e]
V  [jvm.dll+0x857543]
V  [jvm.dll+0x280c06]
V  [jvm.dll+0xc3ead]
V  [jvm.dll+0xc43c3]
V  [jvm.dll+0x2f3f3f]
V  [jvm.dll+0x5f40a6]
V  [jvm.dll+0x252bef]
V  [jvm.dll+0x24b323]
V  [jvm.dll+0x248fa3]
V  [jvm.dll+0x1c9ca1]
V  [jvm.dll+0x2586b9]
V  [jvm.dll+0x256c9a]
V  [jvm.dll+0x3ef1b6]
V  [jvm.dll+0x7fd728]
V  [jvm.dll+0x6c777d]
C  [ucrtbase.dll+0x21bb2]
C  [KERNEL32.DLL+0x17344]
C  [ntdll.dll+0x526b1]


---------------  P R O C E S S  ---------------

Threads class SMR info:
_java_thread_list=0x000001de1c5ed940, length=11, elements={
0x000001de7deddbe0, 0x000001de1c3ef360, 0x000001de1c3f00d0, 0x000001de1c3e5520,
0x000001de1c3e5f80, 0x000001de1c3de490, 0x000001de1c3e0b10, 0x000001de1c3e4ba0,
0x000001de1c401cb0, 0x000001de1c5e4ab0, 0x000001de1c5e5e60
}

Java Threads: ( => current thread )
  0x000001de7deddbe0 JavaThread "main"                              [_thread_in_vm, id=16824, stack(0x000000358ec00000,0x000000358ed00000) (1024K)]
  0x000001de1c3ef360 JavaThread "Reference Handler"          daemon [_thread_blocked, id=8860, stack(0x000000358f400000,0x000000358f500000) (1024K)]
  0x000001de1c3f00d0 JavaThread "Finalizer"                  daemon [_thread_blocked, id=212, stack(0x000000358f500000,0x000000358f600000) (1024K)]
  0x000001de1c3e5520 JavaThread "Signal Dispatcher"          daemon [_thread_blocked, id=21472, stack(0x000000358f600000,0x000000358f700000) (1024K)]
  0x000001de1c3e5f80 JavaThread "Attach Listener"            daemon [_thread_blocked, id=19496, stack(0x000000358f700000,0x000000358f800000) (1024K)]
  0x000001de1c3de490 JavaThread "Service Thread"             daemon [_thread_blocked, id=19576, stack(0x000000358f800000,0x000000358f900000) (1024K)]
  0x000001de1c3e0b10 JavaThread "Monitor Deflation Thread"   daemon [_thread_blocked, id=15180, stack(0x000000358f900000,0x000000358fa00000) (1024K)]
=>0x000001de1c3e4ba0 JavaThread "C2 CompilerThread0"         daemon [_thread_in_native, id=21856, stack(0x000000358fa00000,0x000000358fb00000) (1024K)]
  0x000001de1c401cb0 JavaThread "C1 CompilerThread0"         daemon [_thread_blocked, id=11288, stack(0x000000358fb00000,0x000000358fc00000) (1024K)]
  0x000001de1c5e4ab0 JavaThread "Notification Thread"        daemon [_thread_blocked, id=17084, stack(0x000000358fc00000,0x000000358fd00000) (1024K)]
  0x000001de1c5e5e60 JavaThread "Common-Cleaner"             daemon [_thread_blocked, id=4224, stack(0x000000358fd00000,0x000000358fe00000) (1024K)]
Total: 11

Other Threads:
  0x000001de1c284270 VMThread "VM Thread"                           [id=14396, stack(0x000000358f300000,0x000000358f400000) (1024K)]
  0x000001de1c1e3510 WatcherThread "VM Periodic Task Thread"        [id=12980, stack(0x000000358f200000,0x000000358f300000) (1024K)]
  0x000001de7f9609b0 WorkerThread "GC Thread#0"                     [id=19240, stack(0x000000358ed00000,0x000000358ee00000) (1024K)]
  0x000001de7f9733b0 ConcurrentGCThread "G1 Main Marker"            [id=15836, stack(0x000000358ee00000,0x000000358ef00000) (1024K)]
  0x000001de7f974560 WorkerThread "G1 Conc#0"                       [id=12664, stack(0x000000358ef00000,0x000000358f000000) (1024K)]
  0x000001de7f9de8c0 ConcurrentGCThread "G1 Refine#0"               [id=9052, stack(0x000000358f000000,0x000000358f100000) (1024K)]
  0x000001de1c0a64c0 ConcurrentGCThread "G1 Service"                [id=8124, stack(0x000000358f100000,0x000000358f200000) (1024K)]
Total: 7

Threads with active compile tasks:
C2 CompilerThread0      302  364       4       java.lang.String::startsWith (123 bytes)
Total: 1

VM state: not at safepoint (normal execution)

VM Mutex/Monitor currently owned by a thread:  ([mutex/lock_event])
[0x00007ffe85d58578] Metaspace_lock - owner thread: 0x000001de7deddbe0

Heap address: 0x0000000081600000, size: 2026 MB, Compressed Oops mode: 32-bit

CDS archive(s) not mapped
Compressed class space mapped at: 0x0000000100000000-0x0000000140000000, reserved size: 1073741824
Narrow klass base: 0x0000000000000000, Narrow klass shift: 3, Narrow klass range: 0x140000000

GC Precious Log:
 CardTable entry size: 512
 Card Set container configuration: InlinePtr #cards 5 size 8 Array Of Cards #cards 12 size 40 Howl #buckets 4 coarsen threshold 1843 Howl Bitmap #cards 512 size 80 coarsen threshold 460 Card regions per heap region 1 cards per card region 2048
 CPUs: 4 total, 4 available
 Memory: 8097M
 Large Page Support: Disabled
 NUMA Support: Disabled
 Compressed Oops: Enabled (32-bit)
 Heap Region Size: 1M
 Heap Min Capacity: 8M
 Heap Initial Capacity: 128M
 Heap Max Capacity: 2026M
 Pre-touch: Disabled
 Parallel Workers: 4
 Concurrent Workers: 1
 Concurrent Refinement Workers: 4
 Periodic GC: Disabled

Heap:
 garbage-first heap   total 131072K, used 4096K [0x0000000081600000, 0x0000000100000000)
  region size 1024K, 6 young (6144K), 0 survivors (0K)
 Metaspace       used 8170K, committed 8256K, reserved 1114112K
  class space    used 677K, committed 704K, reserved 1048576K

Heap Regions: E=young(eden), S=young(survivor), O=old, HS=humongous(starts), HC=humongous(continues), CS=collection set, F=free, TAMS=top-at-mark-start, PB=parsable bottom
|   0|0x0000000081600000, 0x0000000081600000, 0x0000000081700000|  0%| F|  |TAMS 0x0000000081600000| PB 0x0000000081600000| Untracked 
|   1|0x0000000081700000, 0x0000000081700000, 0x0000000081800000|  0%| F|  |TAMS 0x0000000081700000| PB 0x0000000081700000| Untracked 
|   2|0x0000000081800000, 0x0000000081800000, 0x0000000081900000|  0%| F|  |TAMS 0x0000000081800000| PB 0x0000000081800000| Untracked 
|   3|0x0000000081900000, 0x0000000081900000, 0x0000000081a00000|  0%| F|  |TAMS 0x0000000081900000| PB 0x0000000081900000| Untracked 
|   4|0x0000000081a00000, 0x0000000081a00000, 0x0000000081b00000|  0%| F|  |TAMS 0x0000000081a00000| PB 0x0000000081a00000| Untracked 
|   5|0x0000000081b00000, 0x0000000081b00000, 0x0000000081c00000|  0%| F|  |TAMS 0x0000000081b00000| PB 0x0000000081b00000| Untracked 
|   6|0x0000000081c00000, 0x0000000081c00000, 0x0000000081d00000|  0%| F|  |TAMS 0x0000000081c00000| PB 0x0000000081c00000| Untracked 
|   7|0x0000000081d00000, 0x0000000081d00000, 0x0000000081e00000|  0%| F|  |TAMS 0x0000000081d00000| PB 0x0000000081d00000| Untracked 
|   8|0x0000000081e00000, 0x0000000081e00000, 0x0000000081f00000|  0%| F|  |TAMS 0x0000000081e00000| PB 0x0000000081e00000| Untracked 
|   9|0x0000000081f00000, 0x0000000081f00000, 0x0000000082000000|  0%| F|  |TAMS 0x0000000081f00000| PB 0x0000000081f00000| Untracked 
|  10|0x0000000082000000, 0x0000000082000000, 0x0000000082100000|  0%| F|  |TAMS 0x0000000082000000| PB 0x0000000082000000| Untracked 
|  11|0x0000000082100000, 0x0000000082100000, 0x0000000082200000|  0%| F|  |TAMS 0x0000000082100000| PB 0x0000000082100000| Untracked 
|  12|0x0000000082200000, 0x0000000082200000, 0x0000000082300000|  0%| F|  |TAMS 0x0000000082200000| PB 0x0000000082200000| Untracked 
|  13|0x0000000082300000, 0x0000000082300000, 0x0000000082400000|  0%| F|  |TAMS 0x0000000082300000| PB 0x0000000082300000| Untracked 
|  14|0x0000000082400000, 0x0000000082400000, 0x0000000082500000|  0%| F|  |TAMS 0x0000000082400000| PB 0x0000000082400000| Untracked 
|  15|0x0000000082500000, 0x0000000082500000, 0x0000000082600000|  0%| F|  |TAMS 0x0000000082500000| PB 0x0000000082500000| Untracked 
|  16|0x0000000082600000, 0x0000000082600000, 0x0000000082700000|  0%| F|  |TAMS 0x0000000082600000| PB 0x0000000082600000| Untracked 
|  17|0x0000000082700000, 0x0000000082700000, 0x0000000082800000|  0%| F|  |TAMS 0x0000000082700000| PB 0x0000000082700000| Untracked 
|  18|0x0000000082800000, 0x0000000082800000, 0x0000000082900000|  0%| F|  |TAMS 0x0000000082800000| PB 0x0000000082800000| Untracked 
|  19|0x0000000082900000, 0x0000000082900000, 0x0000000082a00000|  0%| F|  |TAMS 0x0000000082900000| PB 0x0000000082900000| Untracked 
|  20|0x0000000082a00000, 0x0000000082a00000, 0x0000000082b00000|  0%| F|  |TAMS 0x0000000082a00000| PB 0x0000000082a00000| Untracked 
|  21|0x0000000082b00000, 0x0000000082b00000, 0x0000000082c00000|  0%| F|  |TAMS 0x0000000082b00000| PB 0x0000000082b00000| Untracked 
|  22|0x0000000082c00000, 0x0000000082c00000, 0x0000000082d00000|  0%| F|  |TAMS 0x0000000082c00000| PB 0x0000000082c00000| Untracked 
|  23|0x0000000082d00000, 0x0000000082d00000, 0x0000000082e00000|  0%| F|  |TAMS 0x0000000082d00000| PB 0x0000000082d00000| Untracked 
|  24|0x0000000082e00000, 0x0000000082e00000, 0x0000000082f00000|  0%| F|  |TAMS 0x0000000082e00000| PB 0x0000000082e00000| Untracked 
|  25|0x0000000082f00000, 0x0000000082f00000, 0x0000000083000000|  0%| F|  |TAMS 0x0000000082f00000| PB 0x0000000082f00000| Untracked 
|  26|0x0000000083000000, 0x0000000083000000, 0x0000000083100000|  0%| F|  |TAMS 0x0000000083000000| PB 0x0000000083000000| Untracked 
|  27|0x0000000083100000, 0x0000000083100000, 0x0000000083200000|  0%| F|  |TAMS 0x0000000083100000| PB 0x0000000083100000| Untracked 
|  28|0x0000000083200000, 0x0000000083200000, 0x0000000083300000|  0%| F|  |TAMS 0x0000000083200000| PB 0x0000000083200000| Untracked 
|  29|0x0000000083300000, 0x0000000083300000, 0x0000000083400000|  0%| F|  |TAMS 0x0000000083300000| PB 0x0000000083300000| Untracked 
|  30|0x0000000083400000, 0x0000000083400000, 0x0000000083500000|  0%| F|  |TAMS 0x0000000083400000| PB 0x0000000083400000| Untracked 
|  31|0x0000000083500000, 0x0000000083500000, 0x0000000083600000|  0%| F|  |TAMS 0x0000000083500000| PB 0x0000000083500000| Untracked 
|  32|0x0000000083600000, 0x0000000083600000, 0x0000000083700000|  0%| F|  |TAMS 0x0000000083600000| PB 0x0000000083600000| Untracked 
|  33|0x0000000083700000, 0x0000000083700000, 0x0000000083800000|  0%| F|  |TAMS 0x0000000083700000| PB 0x0000000083700000| Untracked 
|  34|0x0000000083800000, 0x0000000083800000, 0x0000000083900000|  0%| F|  |TAMS 0x0000000083800000| PB 0x0000000083800000| Untracked 
|  35|0x0000000083900000, 0x0000000083900000, 0x0000000083a00000|  0%| F|  |TAMS 0x0000000083900000| PB 0x0000000083900000| Untracked 
|  36|0x0000000083a00000, 0x0000000083a00000, 0x0000000083b00000|  0%| F|  |TAMS 0x0000000083a00000| PB 0x0000000083a00000| Untracked 
|  37|0x0000000083b00000, 0x0000000083b00000, 0x0000000083c00000|  0%| F|  |TAMS 0x0000000083b00000| PB 0x0000000083b00000| Untracked 
|  38|0x0000000083c00000, 0x0000000083c00000, 0x0000000083d00000|  0%| F|  |TAMS 0x0000000083c00000| PB 0x0000000083c00000| Untracked 
|  39|0x0000000083d00000, 0x0000000083d00000, 0x0000000083e00000|  0%| F|  |TAMS 0x0000000083d00000| PB 0x0000000083d00000| Untracked 
|  40|0x0000000083e00000, 0x0000000083e00000, 0x0000000083f00000|  0%| F|  |TAMS 0x0000000083e00000| PB 0x0000000083e00000| Untracked 
|  41|0x0000000083f00000, 0x0000000083f00000, 0x0000000084000000|  0%| F|  |TAMS 0x0000000083f00000| PB 0x0000000083f00000| Untracked 
|  42|0x0000000084000000, 0x0000000084000000, 0x0000000084100000|  0%| F|  |TAMS 0x0000000084000000| PB 0x0000000084000000| Untracked 
|  43|0x0000000084100000, 0x0000000084100000, 0x0000000084200000|  0%| F|  |TAMS 0x0000000084100000| PB 0x0000000084100000| Untracked 
|  44|0x0000000084200000, 0x0000000084200000, 0x0000000084300000|  0%| F|  |TAMS 0x0000000084200000| PB 0x0000000084200000| Untracked 
|  45|0x0000000084300000, 0x0000000084300000, 0x0000000084400000|  0%| F|  |TAMS 0x0000000084300000| PB 0x0000000084300000| Untracked 
|  46|0x0000000084400000, 0x0000000084400000, 0x0000000084500000|  0%| F|  |TAMS 0x0000000084400000| PB 0x0000000084400000| Untracked 
|  47|0x0000000084500000, 0x0000000084500000, 0x0000000084600000|  0%| F|  |TAMS 0x0000000084500000| PB 0x0000000084500000| Untracked 
|  48|0x0000000084600000, 0x0000000084600000, 0x0000000084700000|  0%| F|  |TAMS 0x0000000084600000| PB 0x0000000084600000| Untracked 
|  49|0x0000000084700000, 0x0000000084700000, 0x0000000084800000|  0%| F|  |TAMS 0x0000000084700000| PB 0x0000000084700000| Untracked 
|  50|0x0000000084800000, 0x0000000084800000, 0x0000000084900000|  0%| F|  |TAMS 0x0000000084800000| PB 0x0000000084800000| Untracked 
|  51|0x0000000084900000, 0x0000000084900000, 0x0000000084a00000|  0%| F|  |TAMS 0x0000000084900000| PB 0x0000000084900000| Untracked 
|  52|0x0000000084a00000, 0x0000000084a00000, 0x0000000084b00000|  0%| F|  |TAMS 0x0000000084a00000| PB 0x0000000084a00000| Untracked 
|  53|0x0000000084b00000, 0x0000000084b00000, 0x0000000084c00000|  0%| F|  |TAMS 0x0000000084b00000| PB 0x0000000084b00000| Untracked 
|  54|0x0000000084c00000, 0x0000000084c00000, 0x0000000084d00000|  0%| F|  |TAMS 0x0000000084c00000| PB 0x0000000084c00000| Untracked 
|  55|0x0000000084d00000, 0x0000000084d00000, 0x0000000084e00000|  0%| F|  |TAMS 0x0000000084d00000| PB 0x0000000084d00000| Untracked 
|  56|0x0000000084e00000, 0x0000000084e00000, 0x0000000084f00000|  0%| F|  |TAMS 0x0000000084e00000| PB 0x0000000084e00000| Untracked 
|  57|0x0000000084f00000, 0x0000000084f00000, 0x0000000085000000|  0%| F|  |TAMS 0x0000000084f00000| PB 0x0000000084f00000| Untracked 
|  58|0x0000000085000000, 0x0000000085000000, 0x0000000085100000|  0%| F|  |TAMS 0x0000000085000000| PB 0x0000000085000000| Untracked 
|  59|0x0000000085100000, 0x0000000085100000, 0x0000000085200000|  0%| F|  |TAMS 0x0000000085100000| PB 0x0000000085100000| Untracked 
|  60|0x0000000085200000, 0x0000000085200000, 0x0000000085300000|  0%| F|  |TAMS 0x0000000085200000| PB 0x0000000085200000| Untracked 
|  61|0x0000000085300000, 0x0000000085300000, 0x0000000085400000|  0%| F|  |TAMS 0x0000000085300000| PB 0x0000000085300000| Untracked 
|  62|0x0000000085400000, 0x0000000085400000, 0x0000000085500000|  0%| F|  |TAMS 0x0000000085400000| PB 0x0000000085400000| Untracked 
|  63|0x0000000085500000, 0x0000000085500000, 0x0000000085600000|  0%| F|  |TAMS 0x0000000085500000| PB 0x0000000085500000| Untracked 
|  64|0x0000000085600000, 0x0000000085600000, 0x0000000085700000|  0%| F|  |TAMS 0x0000000085600000| PB 0x0000000085600000| Untracked 
|  65|0x0000000085700000, 0x0000000085700000, 0x0000000085800000|  0%| F|  |TAMS 0x0000000085700000| PB 0x0000000085700000| Untracked 
|  66|0x0000000085800000, 0x0000000085800000, 0x0000000085900000|  0%| F|  |TAMS 0x0000000085800000| PB 0x0000000085800000| Untracked 
|  67|0x0000000085900000, 0x0000000085900000, 0x0000000085a00000|  0%| F|  |TAMS 0x0000000085900000| PB 0x0000000085900000| Untracked 
|  68|0x0000000085a00000, 0x0000000085a00000, 0x0000000085b00000|  0%| F|  |TAMS 0x0000000085a00000| PB 0x0000000085a00000| Untracked 
|  69|0x0000000085b00000, 0x0000000085b00000, 0x0000000085c00000|  0%| F|  |TAMS 0x0000000085b00000| PB 0x0000000085b00000| Untracked 
|  70|0x0000000085c00000, 0x0000000085c00000, 0x0000000085d00000|  0%| F|  |TAMS 0x0000000085c00000| PB 0x0000000085c00000| Untracked 
|  71|0x0000000085d00000, 0x0000000085d00000, 0x0000000085e00000|  0%| F|  |TAMS 0x0000000085d00000| PB 0x0000000085d00000| Untracked 
|  72|0x0000000085e00000, 0x0000000085e00000, 0x0000000085f00000|  0%| F|  |TAMS 0x0000000085e00000| PB 0x0000000085e00000| Untracked 
|  73|0x0000000085f00000, 0x0000000085f00000, 0x0000000086000000|  0%| F|  |TAMS 0x0000000085f00000| PB 0x0000000085f00000| Untracked 
|  74|0x0000000086000000, 0x0000000086000000, 0x0000000086100000|  0%| F|  |TAMS 0x0000000086000000| PB 0x0000000086000000| Untracked 
|  75|0x0000000086100000, 0x0000000086100000, 0x0000000086200000|  0%| F|  |TAMS 0x0000000086100000| PB 0x0000000086100000| Untracked 
|  76|0x0000000086200000, 0x0000000086200000, 0x0000000086300000|  0%| F|  |TAMS 0x0000000086200000| PB 0x0000000086200000| Untracked 
|  77|0x0000000086300000, 0x0000000086300000, 0x0000000086400000|  0%| F|  |TAMS 0x0000000086300000| PB 0x0000000086300000| Untracked 
|  78|0x0000000086400000, 0x0000000086400000, 0x0000000086500000|  0%| F|  |TAMS 0x0000000086400000| PB 0x0000000086400000| Untracked 
|  79|0x0000000086500000, 0x0000000086500000, 0x0000000086600000|  0%| F|  |TAMS 0x0000000086500000| PB 0x0000000086500000| Untracked 
|  80|0x0000000086600000, 0x0000000086600000, 0x0000000086700000|  0%| F|  |TAMS 0x0000000086600000| PB 0x0000000086600000| Untracked 
|  81|0x0000000086700000, 0x0000000086700000, 0x0000000086800000|  0%| F|  |TAMS 0x0000000086700000| PB 0x0000000086700000| Untracked 
|  82|0x0000000086800000, 0x0000000086800000, 0x0000000086900000|  0%| F|  |TAMS 0x0000000086800000| PB 0x0000000086800000| Untracked 
|  83|0x0000000086900000, 0x0000000086900000, 0x0000000086a00000|  0%| F|  |TAMS 0x0000000086900000| PB 0x0000000086900000| Untracked 
|  84|0x0000000086a00000, 0x0000000086a00000, 0x0000000086b00000|  0%| F|  |TAMS 0x0000000086a00000| PB 0x0000000086a00000| Untracked 
|  85|0x0000000086b00000, 0x0000000086b00000, 0x0000000086c00000|  0%| F|  |TAMS 0x0000000086b00000| PB 0x0000000086b00000| Untracked 
|  86|0x0000000086c00000, 0x0000000086c00000, 0x0000000086d00000|  0%| F|  |TAMS 0x0000000086c00000| PB 0x0000000086c00000| Untracked 
|  87|0x0000000086d00000, 0x0000000086d00000, 0x0000000086e00000|  0%| F|  |TAMS 0x0000000086d00000| PB 0x0000000086d00000| Untracked 
|  88|0x0000000086e00000, 0x0000000086e00000, 0x0000000086f00000|  0%| F|  |TAMS 0x0000000086e00000| PB 0x0000000086e00000| Untracked 
|  89|0x0000000086f00000, 0x0000000086f00000, 0x0000000087000000|  0%| F|  |TAMS 0x0000000086f00000| PB 0x0000000086f00000| Untracked 
|  90|0x0000000087000000, 0x0000000087000000, 0x0000000087100000|  0%| F|  |TAMS 0x0000000087000000| PB 0x0000000087000000| Untracked 
|  91|0x0000000087100000, 0x0000000087100000, 0x0000000087200000|  0%| F|  |TAMS 0x0000000087100000| PB 0x0000000087100000| Untracked 
|  92|0x0000000087200000, 0x0000000087200000, 0x0000000087300000|  0%| F|  |TAMS 0x0000000087200000| PB 0x0000000087200000| Untracked 
|  93|0x0000000087300000, 0x0000000087300000, 0x0000000087400000|  0%| F|  |TAMS 0x0000000087300000| PB 0x0000000087300000| Untracked 
|  94|0x0000000087400000, 0x0000000087400000, 0x0000000087500000|  0%| F|  |TAMS 0x0000000087400000| PB 0x0000000087400000| Untracked 
|  95|0x0000000087500000, 0x0000000087500000, 0x0000000087600000|  0%| F|  |TAMS 0x0000000087500000| PB 0x0000000087500000| Untracked 
|  96|0x0000000087600000, 0x0000000087600000, 0x0000000087700000|  0%| F|  |TAMS 0x0000000087600000| PB 0x0000000087600000| Untracked 
|  97|0x0000000087700000, 0x0000000087700000, 0x0000000087800000|  0%| F|  |TAMS 0x0000000087700000| PB 0x0000000087700000| Untracked 
|  98|0x0000000087800000, 0x0000000087800000, 0x0000000087900000|  0%| F|  |TAMS 0x0000000087800000| PB 0x0000000087800000| Untracked 
|  99|0x0000000087900000, 0x0000000087900000, 0x0000000087a00000|  0%| F|  |TAMS 0x0000000087900000| PB 0x0000000087900000| Untracked 
| 100|0x0000000087a00000, 0x0000000087a00000, 0x0000000087b00000|  0%| F|  |TAMS 0x0000000087a00000| PB 0x0000000087a00000| Untracked 
| 101|0x0000000087b00000, 0x0000000087b00000, 0x0000000087c00000|  0%| F|  |TAMS 0x0000000087b00000| PB 0x0000000087b00000| Untracked 
| 102|0x0000000087c00000, 0x0000000087c00000, 0x0000000087d00000|  0%| F|  |TAMS 0x0000000087c00000| PB 0x0000000087c00000| Untracked 
| 103|0x0000000087d00000, 0x0000000087d00000, 0x0000000087e00000|  0%| F|  |TAMS 0x0000000087d00000| PB 0x0000000087d00000| Untracked 
| 104|0x0000000087e00000, 0x0000000087e00000, 0x0000000087f00000|  0%| F|  |TAMS 0x0000000087e00000| PB 0x0000000087e00000| Untracked 
| 105|0x0000000087f00000, 0x0000000087f00000, 0x0000000088000000|  0%| F|  |TAMS 0x0000000087f00000| PB 0x0000000087f00000| Untracked 
| 106|0x0000000088000000, 0x0000000088000000, 0x0000000088100000|  0%| F|  |TAMS 0x0000000088000000| PB 0x0000000088000000| Untracked 
| 107|0x0000000088100000, 0x0000000088100000, 0x0000000088200000|  0%| F|  |TAMS 0x0000000088100000| PB 0x0000000088100000| Untracked 
| 108|0x0000000088200000, 0x0000000088200000, 0x0000000088300000|  0%| F|  |TAMS 0x0000000088200000| PB 0x0000000088200000| Untracked 
| 109|0x0000000088300000, 0x0000000088300000, 0x0000000088400000|  0%| F|  |TAMS 0x0000000088300000| PB 0x0000000088300000| Untracked 
| 110|0x0000000088400000, 0x0000000088400000, 0x0000000088500000|  0%| F|  |TAMS 0x0000000088400000| PB 0x0000000088400000| Untracked 
| 111|0x0000000088500000, 0x0000000088500000, 0x0000000088600000|  0%| F|  |TAMS 0x0000000088500000| PB 0x0000000088500000| Untracked 
| 112|0x0000000088600000, 0x0000000088600000, 0x0000000088700000|  0%| F|  |TAMS 0x0000000088600000| PB 0x0000000088600000| Untracked 
| 113|0x0000000088700000, 0x0000000088700000, 0x0000000088800000|  0%| F|  |TAMS 0x0000000088700000| PB 0x0000000088700000| Untracked 
| 114|0x0000000088800000, 0x0000000088800000, 0x0000000088900000|  0%| F|  |TAMS 0x0000000088800000| PB 0x0000000088800000| Untracked 
| 115|0x0000000088900000, 0x0000000088900000, 0x0000000088a00000|  0%| F|  |TAMS 0x0000000088900000| PB 0x0000000088900000| Untracked 
| 116|0x0000000088a00000, 0x0000000088a00000, 0x0000000088b00000|  0%| F|  |TAMS 0x0000000088a00000| PB 0x0000000088a00000| Untracked 
| 117|0x0000000088b00000, 0x0000000088b00000, 0x0000000088c00000|  0%| F|  |TAMS 0x0000000088b00000| PB 0x0000000088b00000| Untracked 
| 118|0x0000000088c00000, 0x0000000088c00000, 0x0000000088d00000|  0%| F|  |TAMS 0x0000000088c00000| PB 0x0000000088c00000| Untracked 
| 119|0x0000000088d00000, 0x0000000088d00000, 0x0000000088e00000|  0%| F|  |TAMS 0x0000000088d00000| PB 0x0000000088d00000| Untracked 
| 120|0x0000000088e00000, 0x0000000088e00000, 0x0000000088f00000|  0%| F|  |TAMS 0x0000000088e00000| PB 0x0000000088e00000| Untracked 
| 121|0x0000000088f00000, 0x0000000088f00000, 0x0000000089000000|  0%| F|  |TAMS 0x0000000088f00000| PB 0x0000000088f00000| Untracked 
| 122|0x0000000089000000, 0x00000000890c8790, 0x0000000089100000| 78%| E|  |TAMS 0x0000000089000000| PB 0x0000000089000000| Complete 
| 123|0x0000000089100000, 0x0000000089200000, 0x0000000089200000|100%| E|CS|TAMS 0x0000000089100000| PB 0x0000000089100000| Complete 
| 124|0x0000000089200000, 0x0000000089300000, 0x0000000089300000|100%| E|CS|TAMS 0x0000000089200000| PB 0x0000000089200000| Complete 
| 125|0x0000000089300000, 0x0000000089400000, 0x0000000089400000|100%| E|  |TAMS 0x0000000089300000| PB 0x0000000089300000| Complete 
| 126|0x0000000089400000, 0x0000000089500000, 0x0000000089500000|100%| E|CS|TAMS 0x0000000089400000| PB 0x0000000089400000| Complete 
| 127|0x0000000089500000, 0x0000000089600000, 0x0000000089600000|100%| E|CS|TAMS 0x0000000089500000| PB 0x0000000089500000| Complete 

Card table byte_map: [0x000001de178a0000,0x000001de17ca0000] _byte_map_base: 0x000001de17495000

Marking Bits: (CMBitMap*) 0x000001de7f9623d0
 Bits: [0x000001de17ca0000, 0x000001de19c48000)

Polling page: 0x000001de7de90000

Metaspace:

Usage:
  Non-class:      7.32 MB used.
      Class:    677.96 KB used.
       Both:      7.98 MB used.

Virtual space:
  Non-class space:       64.00 MB reserved,       7.38 MB ( 12%) committed,  1 nodes.
      Class space:        1.00 GB reserved,     704.00 KB ( <1%) committed,  1 nodes.
             Both:        1.06 GB reserved,       8.06 MB ( <1%) committed. 

Chunk freelists:
   Non-Class:  8.61 MB
       Class:  15.19 MB
        Both:  23.80 MB

MaxMetaspaceSize: unlimited
CompressedClassSpaceSize: 1.00 GB
Initial GC threshold: 21.00 MB
Current GC threshold: 21.00 MB
CDS: off
 - commit_granule_bytes: 65536.
 - commit_granule_words: 8192.
 - virtual_space_node_default_size: 8388608.
 - enlarge_chunks_in_place: 1.
 - use_allocation_guard: 0.


Internal statistics:

num_allocs_failed_limit: 0.
num_arena_births: 26.
num_arena_deaths: 0.
num_vsnodes_births: 2.
num_vsnodes_deaths: 0.
num_space_committed: 129.
num_space_uncommitted: 0.
num_chunks_returned_to_freelist: 0.
num_chunks_taken_from_freelist: 67.
num_chunk_merges: 0.
num_chunk_splits: 38.
num_chunks_enlarged: 28.
num_inconsistent_stats: 0.

CodeHeap 'non-profiled nmethods': size=120000Kb used=121Kb max_used=121Kb free=119878Kb
 bounds [0x000001de0fe60000, 0x000001de100d0000, 0x000001de17390000]
CodeHeap 'profiled nmethods': size=120000Kb used=554Kb max_used=554Kb free=119445Kb
 bounds [0x000001de08390000, 0x000001de08600000, 0x000001de0f8c0000]
CodeHeap 'non-nmethods': size=5760Kb used=1299Kb max_used=1309Kb free=4460Kb
 bounds [0x000001de0f8c0000, 0x000001de0fb30000, 0x000001de0fe60000]
 total_blobs=800 nmethods=387 adapters=318
 compilation: enabled
              stopped_count=0, restarted_count=0
 full_count=0

Compilation events (20 events):
Event: 0.253 Thread 0x000001de1c401cb0 nmethod 353 0x000001de08407f10 code [0x000001de084080c0, 0x000001de08408220]
Event: 0.254 Thread 0x000001de1c401cb0  354       3       java.util.Optional::orElse (16 bytes)
Event: 0.254 Thread 0x000001de1c401cb0 nmethod 354 0x000001de08408310 code [0x000001de084084c0, 0x000001de08408648]
Event: 0.254 Thread 0x000001de1c401cb0  356   !   3       java.nio.DirectByteBuffer::get (34 bytes)
Event: 0.255 Thread 0x000001de1c401cb0 nmethod 356 0x000001de08408710 code [0x000001de08408960, 0x000001de08409288]
Event: 0.255 Thread 0x000001de1c401cb0  359   !   3       jdk.internal.misc.ScopedMemoryAccess::getByte (16 bytes)
Event: 0.255 Thread 0x000001de1c3e4ba0  360       4       java.util.concurrent.ConcurrentHashMap::tabAt (22 bytes)
Event: 0.255 Thread 0x000001de1c401cb0 nmethod 359 0x000001de08409710 code [0x000001de08409900, 0x000001de08409ce0]
Event: 0.255 Thread 0x000001de1c401cb0  357       3       java.nio.DirectByteBuffer::ix (10 bytes)
Event: 0.255 Thread 0x000001de1c401cb0 nmethod 357 0x000001de08409f10 code [0x000001de0840a0a0, 0x000001de0840a1b8]
Event: 0.255 Thread 0x000001de1c401cb0  358   !   3       jdk.internal.misc.ScopedMemoryAccess::getByteInternal (34 bytes)
Event: 0.255 Thread 0x000001de1c401cb0 nmethod 358 0x000001de0840a290 code [0x000001de0840a440, 0x000001de0840a6b0]
Event: 0.255 Thread 0x000001de1c3e4ba0 nmethod 360 0x000001de0fe7d410 code [0x000001de0fe7d580, 0x000001de0fe7d5f0]
Event: 0.256 Thread 0x000001de1c401cb0  361       3       jdk.internal.ref.PhantomCleanable::<init> (49 bytes)
Event: 0.256 Thread 0x000001de1c401cb0 nmethod 361 0x000001de0840a810 code [0x000001de0840aa80, 0x000001de0840b570]
Event: 0.256 Thread 0x000001de1c401cb0  362   !   3       jdk.internal.ref.PhantomCleanable::insert (53 bytes)
Event: 0.256 Thread 0x000001de1c401cb0 nmethod 362 0x000001de0840b890 code [0x000001de0840ba40, 0x000001de0840bdd0]
Event: 0.265 Thread 0x000001de1c401cb0  363       3       org.fusesource.jansi.internal.JansiLoader$1::accept (26 bytes)
Event: 0.266 Thread 0x000001de1c401cb0 nmethod 363 0x000001de0840bf90 code [0x000001de0840c180, 0x000001de0840c670]
Event: 0.266 Thread 0x000001de1c3e4ba0  364       4       java.lang.String::startsWith (123 bytes)

GC Heap History (0 events):
No events

Dll operation events (6 events):
Event: 0.008 Loaded shared library C:\Program Files\Java\jdk-21\bin\java.dll
Event: 0.055 Loaded shared library C:\Program Files\Java\jdk-21\bin\jsvml.dll
Event: 0.093 Loaded shared library C:\Program Files\Java\jdk-21\bin\net.dll
Event: 0.094 Loaded shared library C:\Program Files\Java\jdk-21\bin\nio.dll
Event: 0.101 Loaded shared library C:\Program Files\Java\jdk-21\bin\zip.dll
Event: 0.253 Loaded shared library C:\Program Files\Java\jdk-21\bin\jimage.dll

Deoptimization events (8 events):
Event: 0.143 Thread 0x000001de7deddbe0 Uncommon trap: trap_request=0xffffff45 fr.pc=0x000001de0fe64474 relative=0x00000000000002b4
Event: 0.143 Thread 0x000001de7deddbe0 Uncommon trap: reason=unstable_if action=reinterpret pc=0x000001de0fe64474 method=java.lang.StringLatin1.hashCode([B)I @ 2 c2
Event: 0.143 Thread 0x000001de7deddbe0 DEOPT PACKING pc=0x000001de0fe64474 sp=0x000000358ecfd520
Event: 0.143 Thread 0x000001de7deddbe0 DEOPT UNPACKING pc=0x000001de0f9146a2 sp=0x000000358ecfd458 mode 2
Event: 0.222 Thread 0x000001de7deddbe0 Uncommon trap: trap_request=0xffffff45 fr.pc=0x000001de0fe6afd0 relative=0x0000000000000130
Event: 0.222 Thread 0x000001de7deddbe0 Uncommon trap: reason=unstable_if action=reinterpret pc=0x000001de0fe6afd0 method=java.lang.StringCoding.countPositives([BII)I @ 17 c2
Event: 0.222 Thread 0x000001de7deddbe0 DEOPT PACKING pc=0x000001de0fe6afd0 sp=0x000000358ecfa280
Event: 0.222 Thread 0x000001de7deddbe0 DEOPT UNPACKING pc=0x000001de0f9146a2 sp=0x000000358ecfa220 mode 2

Classes loaded (20 events):
Event: 0.255 Loading class sun/net/www/protocol/jar/JarFileFactory
Event: 0.255 Loading class sun/net/www/protocol/jar/URLJarFile$URLJarFileCloseController
Event: 0.255 Loading class sun/net/www/protocol/jar/URLJarFile$URLJarFileCloseController done
Event: 0.255 Loading class sun/net/www/protocol/jar/JarFileFactory done
Event: 0.255 Loading class sun/net/www/protocol/jar/URLJarFile
Event: 0.255 Loading class sun/net/www/protocol/jar/URLJarFile done
Event: 0.256 Loading class sun/net/www/protocol/jar/URLJarFile$URLJarFileEntry
Event: 0.256 Loading class sun/net/www/protocol/jar/URLJarFile$URLJarFileEntry done
Event: 0.256 Loading class sun/net/www/protocol/jar/JarURLConnection$JarURLInputStream
Event: 0.256 Loading class sun/net/www/protocol/jar/JarURLConnection$JarURLInputStream done
Event: 0.256 Loading class java/util/regex/Matcher
Event: 0.256 Loading class java/util/regex/MatchResult
Event: 0.256 Loading class java/util/regex/MatchResult done
Event: 0.256 Loading class java/util/regex/Matcher done
Event: 0.256 Loading class java/util/regex/IntHashSet
Event: 0.256 Loading class java/util/regex/IntHashSet done
Event: 0.266 Loading class java/util/LinkedList
Event: 0.266 Loading class java/util/AbstractSequentialList
Event: 0.266 Loading class java/util/AbstractSequentialList done
Event: 0.266 Loading class java/util/LinkedList done

Classes unloaded (0 events):
No events

Classes redefined (0 events):
No events

Internal exceptions (3 events):
Event: 0.140 Thread 0x000001de7deddbe0 Exception <a 'java/lang/NoSuchMethodError'{0x0000000089316b98}: 'int java.lang.invoke.DirectMethodHandle$Holder.invokeSpecial(java.lang.Object, java.lang.Object, java.lang.Object)'> (0x0000000089316b98) 
thrown [s\open\src\hotspot\share\interpreter\linkResolver.cpp, line 773]
Event: 0.241 Thread 0x000001de7deddbe0 Exception <a 'java/lang/NoSuchMethodError'{0x000000008912e970}: 'java.lang.Object java.lang.invoke.Invokers$Holder.invokeExact_MT(java.lang.Object, java.lang.Object, java.lang.Object, java.lang.Object, java.lang.Object)'> (0x000000008912e970) 
thrown [s\open\src\hotspot\share\interpreter\linkResolver.cpp, line 773]
Event: 0.250 Thread 0x000001de7deddbe0 Exception <a 'java/lang/NullPointerException'{0x0000000089183798}> (0x0000000089183798) 
thrown [s\open\src\hotspot\share\interpreter\linkResolver.cpp, line 1372]

ZGC Phase Switch (0 events):
No events

VM Operations (6 events):
Event: 0.102 Executing VM operation: HandshakeAllThreads (Deoptimize)
Event: 0.102 Executing VM operation: HandshakeAllThreads (Deoptimize) done
Event: 0.249 Executing VM operation: HandshakeAllThreads (Deoptimize)
Event: 0.249 Executing VM operation: HandshakeAllThreads (Deoptimize) done
Event: 0.255 Executing VM operation: HandshakeAllThreads (Deoptimize)
Event: 0.255 Executing VM operation: HandshakeAllThreads (Deoptimize) done

Events (11 events):
Event: 0.016 Thread 0x000001de7deddbe0 Thread added: 0x000001de7deddbe0
Event: 0.052 Thread 0x000001de1c3ef360 Thread added: 0x000001de1c3ef360
Event: 0.053 Thread 0x000001de1c3f00d0 Thread added: 0x000001de1c3f00d0
Event: 0.053 Thread 0x000001de1c3e5520 Thread added: 0x000001de1c3e5520
Event: 0.053 Thread 0x000001de1c3e5f80 Thread added: 0x000001de1c3e5f80
Event: 0.053 Thread 0x000001de1c3de490 Thread added: 0x000001de1c3de490
Event: 0.053 Thread 0x000001de1c3e0b10 Thread added: 0x000001de1c3e0b10
Event: 0.054 Thread 0x000001de1c3e4ba0 Thread added: 0x000001de1c3e4ba0
Event: 0.054 Thread 0x000001de1c401cb0 Thread added: 0x000001de1c401cb0
Event: 0.081 Thread 0x000001de1c5e4ab0 Thread added: 0x000001de1c5e4ab0
Event: 0.087 Thread 0x000001de1c5e5e60 Thread added: 0x000001de1c5e5e60


Dynamic libraries:
0x00007ff7261a0000 - 0x00007ff7261b0000 	C:\Program Files\Java\jdk-21\bin\java.exe
0x00007ffee1570000 - 0x00007ffee1768000 	C:\Windows\SYSTEM32\ntdll.dll
0x00007ffee12b0000 - 0x00007ffee136d000 	C:\Windows\System32\KERNEL32.DLL
0x00007ffedec20000 - 0x00007ffedef16000 	C:\Windows\System32\KERNELBASE.dll
0x00007ffedf140000 - 0x00007ffedf240000 	C:\Windows\System32\ucrtbase.dll
0x00007ffecc210000 - 0x00007ffecc229000 	C:\Program Files\Java\jdk-21\bin\jli.dll
0x00007ffecc0f0000 - 0x00007ffecc10b000 	C:\Program Files\Java\jdk-21\bin\VCRUNTIME140.dll
0x00007ffee0480000 - 0x00007ffee0530000 	C:\Windows\System32\ADVAPI32.dll
0x00007ffedf600000 - 0x00007ffedf69e000 	C:\Windows\System32\msvcrt.dll
0x00007ffee03e0000 - 0x00007ffee0480000 	C:\Windows\System32\sechost.dll
0x00007ffee0e40000 - 0x00007ffee0f65000 	C:\Windows\System32\RPCRT4.dll
0x00007ffedf370000 - 0x00007ffedf397000 	C:\Windows\System32\bcrypt.dll
0x00007ffee1390000 - 0x00007ffee152e000 	C:\Windows\System32\USER32.dll
0x00007ffedf240000 - 0x00007ffedf262000 	C:\Windows\System32\win32u.dll
0x00007ffee05b0000 - 0x00007ffee05db000 	C:\Windows\System32\GDI32.dll
0x00007ffed1fb0000 - 0x00007ffed224a000 	C:\Windows\WinSxS\amd64_microsoft.windows.common-controls_6595b64144ccf1df_6.0.19041.3636_none_60b6a03d71f818d5\COMCTL32.dll
0x00007ffedef20000 - 0x00007ffedf037000 	C:\Windows\System32\gdi32full.dll
0x00007ffedf3a0000 - 0x00007ffedf43d000 	C:\Windows\System32\msvcp_win.dll
0x00007ffed2a20000 - 0x00007ffed2a2a000 	C:\Windows\SYSTEM32\VERSION.dll
0x00007ffee0e00000 - 0x00007ffee0e32000 	C:\Windows\System32\IMM32.DLL
0x00007ffeda620000 - 0x00007ffeda62c000 	C:\Program Files\Java\jdk-21\bin\vcruntime140_1.dll
0x00007ffeba5b0000 - 0x00007ffeba63e000 	C:\Program Files\Java\jdk-21\bin\msvcp140.dll
0x00007ffe85120000 - 0x00007ffe85e35000 	C:\Program Files\Java\jdk-21\bin\server\jvm.dll
0x00007ffee0540000 - 0x00007ffee05ab000 	C:\Windows\System32\WS2_32.dll
0x00007ffedea80000 - 0x00007ffedeacb000 	C:\Windows\SYSTEM32\POWRPROF.dll
0x00007ffeceb10000 - 0x00007ffeceb37000 	C:\Windows\SYSTEM32\WINMM.dll
0x00007ffedea60000 - 0x00007ffedea72000 	C:\Windows\SYSTEM32\UMPDC.dll
0x00007ffedc900000 - 0x00007ffedc912000 	C:\Windows\SYSTEM32\kernel.appcore.dll
0x00007ffed9f80000 - 0x00007ffed9f8a000 	C:\Program Files\Java\jdk-21\bin\jimage.dll
0x00007ffec9fa0000 - 0x00007ffeca184000 	C:\Windows\SYSTEM32\DBGHELP.DLL
0x00007ffec9f60000 - 0x00007ffec9f94000 	C:\Windows\SYSTEM32\dbgcore.DLL
0x00007ffedf270000 - 0x00007ffedf2f2000 	C:\Windows\System32\bcryptPrimitives.dll
0x00007ffecb880000 - 0x00007ffecb89f000 	C:\Program Files\Java\jdk-21\bin\java.dll
0x00007ffedfc70000 - 0x00007ffee03db000 	C:\Windows\System32\SHELL32.dll
0x00007ffedcb00000 - 0x00007ffedd29e000 	C:\Windows\SYSTEM32\windows.storage.dll
0x00007ffee08d0000 - 0x00007ffee0c23000 	C:\Windows\System32\combase.dll
0x00007ffede580000 - 0x00007ffede5ae000 	C:\Windows\SYSTEM32\Wldp.dll
0x00007ffee11e0000 - 0x00007ffee12ad000 	C:\Windows\System32\OLEAUT32.dll
0x00007ffee1130000 - 0x00007ffee11dd000 	C:\Windows\System32\SHCORE.dll
0x00007ffedf5a0000 - 0x00007ffedf5f5000 	C:\Windows\System32\shlwapi.dll
0x00007ffedeb50000 - 0x00007ffedeb75000 	C:\Windows\SYSTEM32\profapi.dll
0x00007ffeb9dc0000 - 0x00007ffeb9e97000 	C:\Program Files\Java\jdk-21\bin\jsvml.dll
0x00007ffece0c0000 - 0x00007ffece0d0000 	C:\Program Files\Java\jdk-21\bin\net.dll
0x00007ffed93e0000 - 0x00007ffed94ea000 	C:\Windows\SYSTEM32\WINHTTP.dll
0x00007ffede2e0000 - 0x00007ffede34a000 	C:\Windows\system32\mswsock.dll
0x00007ffec7ee0000 - 0x00007ffec7ef6000 	C:\Program Files\Java\jdk-21\bin\nio.dll
0x00007ffec7ec0000 - 0x00007ffec7ed8000 	C:\Program Files\Java\jdk-21\bin\zip.dll
0x0000000069ac0000 - 0x0000000069ae4000 	C:\Program Files\NetBeans-19\netbeans\java\maven\lib\jansi-native\Windows\x86_64\jansi.dll
0x00007ffecd280000 - 0x00007ffecd290000 	C:\Program Files\Java\jdk-21\bin\verify.dll

dbghelp: loaded successfully - version: 4.0.5 - missing functions: none
symbol engine: initialized successfully - sym options: 0x614 - pdb path: .;C:\Program Files\Java\jdk-21\bin;C:\Windows\SYSTEM32;C:\Windows\WinSxS\amd64_microsoft.windows.common-controls_6595b64144ccf1df_6.0.19041.3636_none_60b6a03d71f818d5;C:\Program Files\Java\jdk-21\bin\server;C:\Program Files\NetBeans-19\netbeans\java\maven\lib\jansi-native\Windows\x86_64

VM Arguments:
jvm_args: -Dclassworlds.conf=C:\Program Files\NetBeans-19\netbeans\java\maven\bin\m2.conf -Dmaven.home=C:\Program Files\NetBeans-19\netbeans\java\maven -Dlibrary.jansi.path=C:\Program Files\NetBeans-19\netbeans\java\maven\lib\jansi-native -Dmaven.multiModuleProjectDirectory=D:\POSCASHIERMASTER\tt_pos_window 
java_command: org.codehaus.plexus.classworlds.launcher.Launcher -Dexec.vmArgs= -Dexec.args=${exec.vmArgs} -classpath %classpath ${exec.mainClass} ${exec.appArgs} -Dexec.appArgs= -Dexec.mainClass=com.mycompany.kingmart.KingMart -Dexec.executable=C:\Program Files\Java\jdk-21\bin\java.exe -Dmaven.ext.class.path=C:\Program Files\NetBeans-19\netbeans\java\maven-nblib\netbeans-eventspy.jar --no-transfer-progress process-classes org.codehaus.mojo:exec-maven-plugin:3.1.0:exec
java_class_path (initial): C:\Program Files\NetBeans-19\netbeans\java\maven\boot\plexus-classworlds-2.7.0.jar
Launcher Type: SUN_STANDARD

[Global flags]
     intx CICompilerCount                          = 3                                         {product} {ergonomic}
     uint ConcGCThreads                            = 1                                         {product} {ergonomic}
     uint G1ConcRefinementThreads                  = 4                                         {product} {ergonomic}
   size_t G1HeapRegionSize                         = 1048576                                   {product} {ergonomic}
    uintx GCDrainStackTargetSize                   = 64                                        {product} {ergonomic}
   size_t InitialHeapSize                          = 134217728                                 {product} {ergonomic}
   size_t MarkStackSize                            = 4194304                                   {product} {ergonomic}
   size_t MaxHeapSize                              = 2124414976                                {product} {ergonomic}
   size_t MaxNewSize                               = 1274019840                                {product} {ergonomic}
   size_t MinHeapDeltaBytes                        = 1048576                                   {product} {ergonomic}
   size_t MinHeapSize                              = 8388608                                   {product} {ergonomic}
    uintx NonNMethodCodeHeapSize                   = 5832780                                {pd product} {ergonomic}
    uintx NonProfiledCodeHeapSize                  = 122912730                              {pd product} {ergonomic}
    uintx ProfiledCodeHeapSize                     = 122912730                              {pd product} {ergonomic}
    uintx ReservedCodeCacheSize                    = 251658240                              {pd product} {ergonomic}
     bool SegmentedCodeCache                       = true                                      {product} {ergonomic}
   size_t SoftMaxHeapSize                          = 2124414976                             {manageable} {ergonomic}
     bool UseCompressedOops                        = true                           {product lp64_product} {ergonomic}
     bool UseG1GC                                  = true                                      {product} {ergonomic}
     bool UseLargePagesIndividualAllocation        = false                                  {pd product} {ergonomic}

Logging:
Log output configuration:
 #0: stdout all=warning uptime,level,tags foldmultilines=false
 #1: stderr all=off uptime,level,tags foldmultilines=false

Environment Variables:
JAVA_HOME=C:\Program Files\Java\jdk-21
PATH=C:\Program Files\Common Files\Oracle\Java\javapath;C:\Windows\system32;C:\Windows;C:\Windows\System32\Wbem;C:\Windows\System32\WindowsPowerShell\v1.0\;C:\Windows\System32\OpenSSH\;C:\xampp\php;C:\ProgramData\ComposerSetup\bin;C:\Program Files\nodejs\;C:\Program Files\Git\cmd;C:\Program Files\Java\jdk-21\bin;C:\xampp\mysql\bin;C:\Users\front-end.06\AppData\Local\Microsoft\WindowsApps;C:\Users\front-end.06\AppData\Local\Programs\Microsoft VS Code\bin;D:\Git\cmd
USERNAME=FRONT-END.06
OS=Windows_NT
PROCESSOR_IDENTIFIER=Intel64 Family 6 Model 60 Stepping 3, GenuineIntel
TMP=C:\Users\FRONT-~1.06\AppData\Local\Temp
TEMP=C:\Users\FRONT-~1.06\AppData\Local\Temp




Periodic native trim disabled

---------------  S Y S T E M  ---------------

OS:
 Windows 10 , 64 bit Build 19041 (10.0.19041.3636)
OS uptime: 29 days 0:39 hours

CPU: total 4 (initial active 4) (4 cores per cpu, 2 threads per core) family 6 model 60 stepping 3 microcode 0x27, cx8, cmov, fxsr, ht, mmx, sse, sse2, sse3, ssse3, sse4.1, sse4.2, popcnt, lzcnt, tsc, tscinvbit, avx, avx2, aes, erms, clmul, bmi1, bmi2, fma, vzeroupper, clflush, rdtscp, f16c
Processor Information for all 4 processors :
  Max Mhz: 3601, Current Mhz: 3601, Mhz Limit: 3601

Memory: 4k page, system-wide physical 8097M (477M free)
TotalPageFile size 25191M (AvailPageFile size 0M)
current process WorkingSet (physical memory assigned to process): 40M, peak: 40M
current process commit charge ("private bytes"): 200M, peak: 201M

vm_info: Java HotSpot(TM) 64-Bit Server VM (21.0.1+12-LTS-29) for windows-amd64 JRE (21.0.1+12-LTS-29), built on 2023-10-05T13:27:09Z by "mach5one" with MS VC++ 17.1 (VS2022)

END.
