#
# There is insufficient memory for the Java Runtime Environment to continue.
# Native memory allocation (mmap) failed to map 134217728 bytes for G1 virtual space
# Possible reasons:
#   The system is out of physical RAM or swap space
#   The process is running with CompressedOops enabled, and the Java Heap may be blocking the growth of the native heap
# Possible solutions:
#   Reduce memory load on the system
#   Increase physical memory or swap space
#   Check if swap backing store is full
#   Decrease Java heap size (-Xmx/-Xms)
#   Decrease number of Java threads
#   Decrease Java thread stack sizes (-Xss)
#   Set larger code cache with -XX:ReservedCodeCacheSize=
#   JVM is running with Unscaled Compressed Oops mode in which the Java heap is
#     placed in the first 4GB address space. The Java Heap base address is the
#     maximum limit for the native heap growth. Please use -XX:HeapBaseMinAddress
#     to set the Java Heap base and to place the Java Heap above 4GB virtual address.
# This output file may be truncated or incomplete.
#
#  Out of Memory Error (os_windows.cpp:3600), pid=8880, tid=9716
#
# JRE version:  (21.0.1+12) (build )
# Java VM: Java HotSpot(TM) 64-Bit Server VM (21.0.1+12-LTS-29, mixed mode, sharing, tiered, compressed oops, compressed class ptrs, g1 gc, windows-amd64)
# No core dump will be written. Minidumps are not enabled by default on client versions of Windows
#

---------------  S U M M A R Y ------------

Command Line: com.mycompany.kingmart.KingMart

Host: Intel(R) Core(TM) i7-4790 CPU @ 3.60GHz, 4 cores, 7G,  Windows 10 , 64 bit Build 19041 (10.0.19041.3636)
Time: Wed May  1 14:59:30 2024 SE Asia Standard Time elapsed time: 0.010895 seconds (0d 0h 0m 0s)

---------------  T H R E A D  ---------------

Current thread (0x000002db279c0ac0):  JavaThread "Unknown thread" [_thread_in_vm, id=9716, stack(0x000000e36df00000,0x000000e36e000000) (1024K)]

Stack: [0x000000e36df00000,0x000000e36e000000]
Native frames: (J=compiled Java code, j=interpreted, Vv=VM code, C=native code)
V  [jvm.dll+0x6c9029]
V  [jvm.dll+0x854b81]
V  [jvm.dll+0x856e5e]
V  [jvm.dll+0x857543]
V  [jvm.dll+0x280c06]
V  [jvm.dll+0x6c5715]
V  [jvm.dll+0x6ba10a]
V  [jvm.dll+0x3557ea]
V  [jvm.dll+0x35d436]
V  [jvm.dll+0x3ae1be]
V  [jvm.dll+0x3ae468]
V  [jvm.dll+0x3291fc]
V  [jvm.dll+0x329d8b]
V  [jvm.dll+0x81d179]
V  [jvm.dll+0x3bb4f1]
V  [jvm.dll+0x805ae8]
V  [jvm.dll+0x44effe]
V  [jvm.dll+0x450901]
C  [jli.dll+0x52a3]
C  [ucrtbase.dll+0x21bb2]
C  [KERNEL32.DLL+0x17344]
C  [ntdll.dll+0x526b1]


---------------  P R O C E S S  ---------------

Threads class SMR info:
_java_thread_list=0x00007ffe87409b88, length=0, elements={
}

Java Threads: ( => current thread )
Total: 0

Other Threads:
  0x000002db29ba06e0 WorkerThread "GC Thread#0"                     [id=13436, stack(0x000000e36e000000,0x000000e36e100000) (1024K)]
  0x000002db29bb1d50 ConcurrentGCThread "G1 Main Marker"            [id=18820, stack(0x000000e36e100000,0x000000e36e200000) (1024K)]
  0x000002db29bb2850 WorkerThread "G1 Conc#0"                       [id=1704, stack(0x000000e36e200000,0x000000e36e300000) (1024K)]

[error occurred during error reporting (printing all threads), id 0xc0000005, EXCEPTION_ACCESS_VIOLATION (0xc0000005) at pc=0x00007ffe86b7c2c7]
VM state: not at safepoint (not fully initialized)

VM Mutex/Monitor currently owned by a thread:  ([mutex/lock_event])
[0x00007ffe8747a6f8] Heap_lock - owner thread: 0x000002db279c0ac0

Heap address: 0x0000000081600000, size: 2026 MB, Compressed Oops mode: 32-bit

CDS archive(s) mapped at: [0x0000000000000000-0x0000000000000000-0x0000000000000000), size 0, SharedBaseAddress: 0x0000000800000000, ArchiveRelocationMode: 1.
Narrow klass base: 0x0000000000000000, Narrow klass shift: 0, Narrow klass range: 0x0

GC Precious Log:
 CardTable entry size: 512
 Card Set container configuration: InlinePtr #cards 5 size 8 Array Of Cards #cards 12 size 40 Howl #buckets 4 coarsen threshold 1843 Howl Bitmap #cards 512 size 80 coarsen threshold 460 Card regions per heap region 1 cards per card region 2048

Heap:
 garbage-first heap   total 0K, used 0K [0x0000000081600000, 0x0000000100000000)
  region size 1024K, 0 young (0K), 0 survivors (0K)

[error occurred during error reporting (printing heap information), id 0xc0000005, EXCEPTION_ACCESS_VIOLATION (0xc0000005) at pc=0x00007ffe86f61be9]
GC Heap History (0 events):
No events

Dll operation events (1 events):
Event: 0.008 Loaded shared library C:\Program Files\Java\jdk-21\bin\java.dll

Deoptimization events (0 events):
No events

Classes loaded (0 events):
No events

Classes unloaded (0 events):
No events

Classes redefined (0 events):
No events

Internal exceptions (0 events):
No events

ZGC Phase Switch (0 events):
No events

VM Operations (0 events):
No events

Events (0 events):
No events


Dynamic libraries:
0x00007ff721580000 - 0x00007ff721590000 	C:\Program Files\Java\jdk-21\bin\java.exe
0x00007ffee1570000 - 0x00007ffee1768000 	C:\Windows\SYSTEM32\ntdll.dll
0x00007ffee12b0000 - 0x00007ffee136d000 	C:\Windows\System32\KERNEL32.DLL
0x00007ffedec20000 - 0x00007ffedef16000 	C:\Windows\System32\KERNELBASE.dll
0x00007ffedf140000 - 0x00007ffedf240000 	C:\Windows\System32\ucrtbase.dll
0x00007ffecd9e0000 - 0x00007ffecd9fb000 	C:\Program Files\Java\jdk-21\bin\VCRUNTIME140.dll
0x00007ffea3e60000 - 0x00007ffea3e79000 	C:\Program Files\Java\jdk-21\bin\jli.dll
0x00007ffee0480000 - 0x00007ffee0530000 	C:\Windows\System32\ADVAPI32.dll
0x00007ffedf600000 - 0x00007ffedf69e000 	C:\Windows\System32\msvcrt.dll
0x00007ffee03e0000 - 0x00007ffee0480000 	C:\Windows\System32\sechost.dll
0x00007ffee0e40000 - 0x00007ffee0f65000 	C:\Windows\System32\RPCRT4.dll
0x00007ffedf370000 - 0x00007ffedf397000 	C:\Windows\System32\bcrypt.dll
0x00007ffee1390000 - 0x00007ffee152e000 	C:\Windows\System32\USER32.dll
0x00007ffedf240000 - 0x00007ffedf262000 	C:\Windows\System32\win32u.dll
0x00007ffee05b0000 - 0x00007ffee05db000 	C:\Windows\System32\GDI32.dll
0x00007ffed1fb0000 - 0x00007ffed224a000 	C:\Windows\WinSxS\amd64_microsoft.windows.common-controls_6595b64144ccf1df_6.0.19041.3636_none_60b6a03d71f818d5\COMCTL32.dll
0x00007ffedef20000 - 0x00007ffedf037000 	C:\Windows\System32\gdi32full.dll
0x00007ffedf3a0000 - 0x00007ffedf43d000 	C:\Windows\System32\msvcp_win.dll
0x00007ffed2a20000 - 0x00007ffed2a2a000 	C:\Windows\SYSTEM32\VERSION.dll
0x00007ffee0e00000 - 0x00007ffee0e32000 	C:\Windows\System32\IMM32.DLL
0x00007ffedc260000 - 0x00007ffedc26c000 	C:\Program Files\Java\jdk-21\bin\vcruntime140_1.dll
0x00007ffe89010000 - 0x00007ffe8909e000 	C:\Program Files\Java\jdk-21\bin\msvcp140.dll
0x00007ffe86840000 - 0x00007ffe87555000 	C:\Program Files\Java\jdk-21\bin\server\jvm.dll
0x00007ffee0540000 - 0x00007ffee05ab000 	C:\Windows\System32\WS2_32.dll
0x00007ffedea80000 - 0x00007ffedeacb000 	C:\Windows\SYSTEM32\POWRPROF.dll
0x00007ffeceb10000 - 0x00007ffeceb37000 	C:\Windows\SYSTEM32\WINMM.dll
0x00007ffedea60000 - 0x00007ffedea72000 	C:\Windows\SYSTEM32\UMPDC.dll
0x00007ffedc900000 - 0x00007ffedc912000 	C:\Windows\SYSTEM32\kernel.appcore.dll
0x00007ffec8250000 - 0x00007ffec825a000 	C:\Program Files\Java\jdk-21\bin\jimage.dll
0x00007ffec9fa0000 - 0x00007ffeca184000 	C:\Windows\SYSTEM32\DBGHELP.DLL
0x00007ffec9f60000 - 0x00007ffec9f94000 	C:\Windows\SYSTEM32\dbgcore.DLL
0x00007ffedf270000 - 0x00007ffedf2f2000 	C:\Windows\System32\bcryptPrimitives.dll
0x00007ffea3cc0000 - 0x00007ffea3cdf000 	C:\Program Files\Java\jdk-21\bin\java.dll

dbghelp: loaded successfully - version: 4.0.5 - missing functions: none
symbol engine: initialized successfully - sym options: 0x614 - pdb path: .;C:\Program Files\Java\jdk-21\bin;C:\Windows\SYSTEM32;C:\Windows\WinSxS\amd64_microsoft.windows.common-controls_6595b64144ccf1df_6.0.19041.3636_none_60b6a03d71f818d5;C:\Program Files\Java\jdk-21\bin\server

VM Arguments:
java_command: com.mycompany.kingmart.KingMart
java_class_path (initial): D:\POSCASHIERMASTER\tt_pos_window\target\classes;C:\Users\front-end.06\.m2\repository\com\squareup\okhttp3\okhttp\4.9.3\okhttp-4.9.3.jar;C:\Users\front-end.06\.m2\repository\com\squareup\okio\okio\2.8.0\okio-2.8.0.jar;C:\Users\front-end.06\.m2\repository\org\jetbrains\kotlin\kotlin-stdlib-common\1.4.0\kotlin-stdlib-common-1.4.0.jar;C:\Users\front-end.06\.m2\repository\org\jetbrains\kotlin\kotlin-stdlib\1.4.10\kotlin-stdlib-1.4.10.jar;C:\Users\front-end.06\.m2\repository\org\jetbrains\annotations\13.0\annotations-13.0.jar;C:\Users\front-end.06\.m2\repository\org\json\json\20210307\json-20210307.jar;C:\Users\front-end.06\.m2\repository\org\netbeans\external\AbsoluteLayout\RELEASE190\AbsoluteLayout-RELEASE190.jar;C:\Users\front-end.06\.m2\repository\com\fasterxml\jackson\core\jackson-databind\2.15.3\jackson-databind-2.15.3.jar;C:\Users\front-end.06\.m2\repository\com\fasterxml\jackson\core\jackson-annotations\2.15.3\jackson-annotations-2.15.3.jar;C:\Users\front-end.06\.m2\repository\com\fasterxml\jackson\core\jackson-core\2.15.3\jackson-core-2.15.3.jar;C:\Users\front-end.06\.m2\repository\org\javapos\javapos-controls\1.15.0\javapos-controls-1.15.0.jar;C:\Users\front-end.06\.m2\repository\org\javapos\javapos-contracts\1.15.0\javapos-contracts-1.15.0.jar;C:\Users\front-end.06\.m2\repository\org\javapos\javapos-config-loader\2.2.0\javapos-config-loader-2.2.0.jar;C:\Users\front-end.06\.m2\repository\xerces\xerces\1.2.3\xerces-1.2.3.jar
Launcher Type: SUN_STANDARD

[Global flags]
     intx CICompilerCount                          = 3                                         {product} {ergonomic}
     uint ConcGCThreads                            = 1                                         {product} {ergonomic}
     uint G1ConcRefinementThreads                  = 4                                         {product} {ergonomic}
   size_t G1HeapRegionSize                         = 1048576                                   {product} {ergonomic}
    uintx GCDrainStackTargetSize                   = 64                                        {product} {ergonomic}
   size_t InitialHeapSize                          = 134217728                                 {product} {ergonomic}
   size_t MarkStackSize                            = 4194304                                   {product} {ergonomic}
   size_t MaxHeapSize                              = 2124414976                                {product} {ergonomic}
   size_t MinHeapDeltaBytes                        = 1048576                                   {product} {ergonomic}
   size_t MinHeapSize                              = 8388608                                   {product} {ergonomic}
    uintx NonNMethodCodeHeapSize                   = 5832780                                {pd product} {ergonomic}
    uintx NonProfiledCodeHeapSize                  = 122912730                              {pd product} {ergonomic}
    uintx ProfiledCodeHeapSize                     = 122912730                              {pd product} {ergonomic}
    uintx ReservedCodeCacheSize                    = 251658240                              {pd product} {ergonomic}
     bool SegmentedCodeCache                       = true                                      {product} {ergonomic}
   size_t SoftMaxHeapSize                          = 2124414976                             {manageable} {ergonomic}
     bool UseCompressedOops                        = true                           {product lp64_product} {ergonomic}
     bool UseG1GC                                  = true                                      {product} {ergonomic}
     bool UseLargePagesIndividualAllocation        = false                                  {pd product} {ergonomic}

Logging:
Log output configuration:
 #0: stdout all=warning uptime,level,tags foldmultilines=false
 #1: stderr all=off uptime,level,tags foldmultilines=false

Environment Variables:
JAVA_HOME=C:\Program Files\Java\jdk-21
PATH=C:\Program Files\Common Files\Oracle\Java\javapath;C:\Windows\system32;C:\Windows;C:\Windows\System32\Wbem;C:\Windows\System32\WindowsPowerShell\v1.0\;C:\Windows\System32\OpenSSH\;C:\xampp\php;C:\ProgramData\ComposerSetup\bin;C:\Program Files\nodejs\;C:\Program Files\Git\cmd;C:\Program Files\Java\jdk-21\bin;C:\xampp\mysql\bin;C:\Users\front-end.06\AppData\Local\Microsoft\WindowsApps;C:\Users\front-end.06\AppData\Local\Programs\Microsoft VS Code\bin;D:\Git\cmd
USERNAME=FRONT-END.06
OS=Windows_NT
PROCESSOR_IDENTIFIER=Intel64 Family 6 Model 60 Stepping 3, GenuineIntel
TMP=C:\Users\FRONT-~1.06\AppData\Local\Temp
TEMP=C:\Users\FRONT-~1.06\AppData\Local\Temp




Periodic native trim disabled

---------------  S Y S T E M  ---------------

OS:
 Windows 10 , 64 bit Build 19041 (10.0.19041.3636)
OS uptime: 13 days 0:50 hours

CPU: total 4 (initial active 4) (4 cores per cpu, 2 threads per core) family 6 model 60 stepping 3 microcode 0x27, cx8, cmov, fxsr, ht, mmx, sse, sse2, sse3, ssse3, sse4.1, sse4.2, popcnt, lzcnt, tsc, tscinvbit, avx, avx2, aes, erms, clmul, bmi1, bmi2, fma, vzeroupper, clflush, rdtscp, f16c
Processor Information for all 4 processors :
  Max Mhz: 3601, Current Mhz: 3601, Mhz Limit: 3601

Memory: 4k page, system-wide physical 8097M (523M free)
TotalPageFile size 25191M (AvailPageFile size 50M)
current process WorkingSet (physical memory assigned to process): 10M, peak: 10M
current process commit charge ("private bytes"): 51M, peak: 179M

vm_info: Java HotSpot(TM) 64-Bit Server VM (21.0.1+12-LTS-29) for windows-amd64 JRE (21.0.1+12-LTS-29), built on 2023-10-05T13:27:09Z by "mach5one" with MS VC++ 17.1 (VS2022)

END.
